// Jest Snapshot v1, https://goo.gl/fbAQLP

exports[`components/SearchInput Base smoke-test 1`] = `
<div class="css-r7zuen">
  <div class="MuiFormControl-root MuiTextField-root css-136h9lv-MuiFormControl-root-MuiTextField-root"
       data-testid="SearchInput"
  >
    <div class="MuiInputBase-root MuiInput-root MuiInput-underline MuiInputBase-colorPrimary MuiInputBase-formControl MuiInputBase-adornedEnd css-1lohisl-MuiInputBase-root-MuiInput-root">
      <input aria-invalid="false"
             id=":r0:"
             placeholder="Search..."
             type="text"
             data-testid="SearchInput.input"
             class="MuiInputBase-input MuiInput-input MuiInputBase-inputAdornedEnd css-1x51dt5-MuiInputBase-input-MuiInput-input"
             value
      >
      <div class="MuiInputAdornment-root MuiInputAdornment-positionEnd MuiInputAdornment-standard MuiInputAdornment-sizeMedium css-1laqsz7-MuiInputAdornment-root">
        <button class="MuiButtonBase-root MuiIconButton-root MuiIconButton-sizeMedium css-1m1cnyu-MuiButtonBase-root-MuiIconButton-root"
                tabindex="0"
                type="button"
                data-testid="SearchInput.IconButton"
        >
          <svg class="MuiSvgIcon-root MuiSvgIcon-fontSizeMedium css-xhi8ul-MuiSvgIcon-root"
               focusable="false"
               aria-hidden="true"
               viewbox="0 0 24 24"
               data-testid="SearchIcon"
          >
            <path d="M15.5 14h-.79l-.28-.27C15.41 12.59 16 11.11 16 9.5 16 5.91 13.09 3 9.5 3S3 5.91 3 9.5 5.91 16 9.5 16c1.61 0 3.09-.59 4.23-1.57l.27.28v.79l5 4.99L20.49 19zm-6 0C7.01 14 5 11.99 5 9.5S7.01 5 9.5 5 14 7.01 14 9.5 11.99 14 9.5 14">
            </path>
          </svg>
          <span class="MuiTouchRipple-root css-8je8zh-MuiTouchRipple-root">
          </span>
        </button>
      </div>
    </div>
  </div>
</div>
`;
