// Vitest Snapshot v1, https://vitest.dev/guide/snapshot.html

exports[`Logo > stories match snapshot 1`] = `
<div>
  <h3
    class="MuiTypography-root MuiTypography-h3 css-13bgm19-MuiTypography-root"
    data-testid="Logo"
  >
    Books
  </h3>
</div>
`;
